[dpo] loading model...
[transformers] `torch_dtype` is deprecated! Use `dtype` instead!
Loading weights:   0%|          | 0/310 [00:00<?, ?it/s]Loading weights: 100%|██████████| 310/310 [00:00<00:00, 12986.24it/s]
trainable params: 10,092,544 || all params: 606,142,464 || trainable%: 1.6650
[dpo] 840 pairs
[dpo] tokenizing pairs...
[dpo] max seq len: 1200
[dpo] ep1 step 1/840 loss=0.6931 margin=0.000
[dpo] ep1 step 2/840 loss=0.6931 margin=0.000
[dpo] ep1 step 3/840 loss=0.6931 margin=0.000
[dpo] ep1 step 4/840 loss=0.6931 margin=0.000
[dpo] ep1 step 5/840 loss=0.6988 margin=-0.113
[dpo] ep1 step 6/840 loss=0.7860 margin=-1.779
[dpo] ep1 step 7/840 loss=0.3793 margin=7.737
[dpo] ep1 step 8/840 loss=0.6846 margin=0.171
[dpo] ep1 step 9/840 loss=0.5099 margin=4.077
[dpo] ep1 step 10/840 loss=0.6841 margin=0.181
[dpo] ep1 step 11/840 loss=0.6437 margin=1.014
[dpo] ep1 step 12/840 loss=0.6371 margin=1.154
[dpo] ep1 step 13/840 loss=0.3805 margin=7.699
[dpo] ep1 step 14/840 loss=0.6308 margin=1.289
[dpo] ep1 step 15/840 loss=0.6993 margin=-0.122
[dpo] ep1 step 16/840 loss=0.5063 margin=4.167
[dpo] ep1 step 17/840 loss=0.0488 margin=29.954
[dpo] ep1 step 18/840 loss=0.5064 margin=4.166
[dpo] ep1 step 19/840 loss=0.6682 margin=0.506
[dpo] ep1 step 20/840 loss=0.3341 margin=9.247
[dpo] ep1 step 21/840 loss=0.5513 margin=3.071
[dpo] ep1 step 22/840 loss=0.7690 margin=-1.464
[dpo] ep1 step 23/840 loss=0.2098 margin=14.550
[dpo] ep1 step 24/840 loss=0.4245 margin=6.370
[dpo] ep1 step 25/840 loss=0.3985 margin=7.142
[dpo] ep1 step 26/840 loss=0.3562 margin=8.489
[dpo] ep1 step 27/840 loss=0.2994 margin=10.524
[dpo] ep1 step 28/840 loss=0.2818 margin=11.222
[dpo] ep1 step 29/840 loss=0.4616 margin=5.334
[dpo] ep1 step 30/840 loss=0.1506 margin=18.166
[dpo] ep1 step 31/840 loss=1.7239 margin=-15.275
[dpo] ep1 step 32/840 loss=0.1641 margin=17.243
[dpo] ep1 step 33/840 loss=0.2958 margin=10.664
[dpo] ep1 step 34/840 loss=0.0024 margin=60.295
[dpo] ep1 step 35/840 loss=0.7190 margin=-0.511
[dpo] ep1 step 36/840 loss=0.1123 margin=21.303
[dpo] ep1 step 37/840 loss=0.0017 margin=64.047
[dpo] ep1 step 38/840 loss=0.0087 margin=47.359
[dpo] ep1 step 39/840 loss=0.3617 margin=8.308
[dpo] ep1 step 40/840 loss=0.2308 margin=13.488
[dpo] ep1 step 41/840 loss=0.0258 margin=36.437
[dpo] ep1 step 42/840 loss=0.0062 margin=50.817
[dpo] ep1 step 43/840 loss=0.1937 margin=15.433
[dpo] ep1 step 44/840 loss=0.3082 margin=10.188
[dpo] ep1 step 45/840 loss=0.3617 margin=8.306
[dpo] ep1 step 46/840 loss=0.0005 margin=76.656
[dpo] ep1 step 47/840 loss=0.0754 margin=25.475
[dpo] ep1 step 48/840 loss=0.0325 margin=34.103
[dpo] ep1 step 49/840 loss=0.1416 margin=18.831
[dpo] ep1 step 50/840 loss=0.0236 margin=37.353
[dpo] ep1 step 51/840 loss=0.1736 margin=16.627
[dpo] ep1 step 52/840 loss=0.2392 margin=13.085
[dpo] ep1 step 53/840 loss=0.0332 margin=33.876
[dpo] ep1 step 54/840 loss=0.0388 margin=32.301
[dpo] ep1 step 55/840 loss=0.0071 margin=49.387
[dpo] ep1 step 56/840 loss=0.2094 margin=14.571
[dpo] ep1 step 57/840 loss=0.2315 margin=13.452
[dpo] ep1 step 58/840 loss=0.1723 margin=16.713
[dpo] ep1 step 59/840 loss=0.3683 margin=8.092
[dpo] ep1 step 60/840 loss=0.0070 margin=49.615
[dpo] ep1 step 61/840 loss=0.0031 margin=57.763
[dpo] ep1 step 62/840 loss=0.2647 margin=11.940
[dpo] ep1 step 63/840 loss=0.0027 margin=59.110
[dpo] ep1 step 64/840 loss=0.0108 margin=45.273
[dpo] ep1 step 65/840 loss=0.0388 margin=32.311
[dpo] ep1 step 66/840 loss=0.0361 margin=33.023
[dpo] ep1 step 67/840 loss=0.0593 margin=27.946
[dpo] ep1 step 68/840 loss=0.0197 margin=39.183
[dpo] ep1 step 69/840 loss=0.0909 margin=23.522
[dpo] ep1 step 70/840 loss=0.0016 margin=64.292
[dpo] ep1 step 71/840 loss=0.1010 margin=22.413
[dpo] ep1 step 72/840 loss=0.0566 margin=28.441
[dpo] ep1 step 73/840 loss=0.5788 margin=2.434
[dpo] ep1 step 74/840 loss=0.0000 margin=103.287
[dpo] ep1 step 75/840 loss=0.1243 margin=20.226
[dpo] ep1 step 76/840 loss=0.0161 margin=41.191
[dpo] ep1 step 77/840 loss=0.0259 margin=36.416
[dpo] ep1 step 78/840 loss=0.0112 margin=44.890
[dpo] ep1 step 79/840 loss=0.0163 margin=41.072
[dpo] ep1 step 80/840 loss=0.0064 margin=50.442
[dpo] ep1 step 81/840 loss=0.2307 margin=13.489
[dpo] ep1 step 82/840 loss=0.0139 margin=42.690
[dpo] ep1 step 83/840 loss=0.0000 margin=113.387
[dpo] ep1 step 84/840 loss=0.0073 margin=49.194
[dpo] ep1 step 85/840 loss=0.0000 margin=105.455
[dpo] ep1 step 86/840 loss=0.5351 margin=3.459
[dpo] ep1 step 87/840 loss=0.0135 margin=42.966
[dpo] ep1 step 88/840 loss=0.0040 margin=55.312
[dpo] ep1 step 89/840 loss=0.0573 margin=28.299
[dpo] ep1 step 90/840 loss=0.0000 margin=122.287
[dpo] ep1 step 91/840 loss=0.1410 margin=18.874
[dpo] ep1 step 92/840 loss=0.1028 margin=22.236
[dpo] ep1 step 93/840 loss=0.0019 margin=62.713
[dpo] ep1 step 94/840 loss=0.0180 margin=40.100
[dpo] ep1 step 95/840 loss=0.1165 margin=20.908
[dpo] ep1 step 96/840 loss=0.0014 margin=65.637
[dpo] ep1 step 97/840 loss=0.0007 margin=72.776
[dpo] ep1 step 98/840 loss=0.4465 margin=5.749
[dpo] ep1 step 99/840 loss=0.0001 margin=96.899
[dpo] ep1 step 100/840 loss=0.0310 margin=34.587
[dpo] ep1 step 101/840 loss=0.0050 margin=52.960
[dpo] ep1 step 102/840 loss=0.0040 margin=55.148
[dpo] ep1 step 103/840 loss=0.0000 margin=123.877
[dpo] ep1 step 104/840 loss=0.0195 margin=39.301
[dpo] ep1 step 105/840 loss=0.0067 margin=49.997
[dpo] ep1 step 106/840 loss=0.0009 margin=70.395
[dpo] ep1 step 107/840 loss=0.0010 margin=68.829
[dpo] ep1 step 108/840 loss=0.0008 margin=71.844
[dpo] ep1 step 109/840 loss=0.0018 margin=63.323
[dpo] ep1 step 110/840 loss=0.0005 margin=75.655
[dpo] ep1 step 111/840 loss=0.0004 margin=79.325
[dpo] ep1 step 112/840 loss=0.0000 margin=103.268
[dpo] ep1 step 113/840 loss=0.0132 margin=43.184
[dpo] ep1 step 114/840 loss=0.1155 margin=21.002
[dpo] ep1 step 115/840 loss=0.0146 margin=42.184
[dpo] ep1 step 116/840 loss=0.3428 margin=8.944
[dpo] ep1 step 117/840 loss=0.0062 margin=50.734
[dpo] ep1 step 118/840 loss=0.0000 margin=124.154
[dpo] ep1 step 119/840 loss=0.0000 margin=132.580
[dpo] ep1 step 120/840 loss=0.0284 margin=35.455
[dpo] ep1 step 121/840 loss=0.0181 margin=40.036
[dpo] ep1 step 122/840 loss=0.0028 margin=58.816
[dpo] ep1 step 123/840 loss=0.0100 margin=45.975
[dpo] ep1 step 124/840 loss=0.1042 margin=22.086
[dpo] ep1 step 125/840 loss=0.0004 margin=77.318
[dpo] ep1 step 126/840 loss=0.0308 margin=34.656
[dpo] ep1 step 127/840 loss=0.0514 margin=29.429
[dpo] ep1 step 128/840 loss=0.0008 margin=70.885
[dpo] ep1 step 129/840 loss=0.0796 margin=24.902
[dpo] ep1 step 130/840 loss=0.0003 margin=81.099
[dpo] ep1 step 131/840 loss=0.0876 margin=23.908
[dpo] ep1 step 132/840 loss=0.0000 margin=121.675
[dpo] ep1 step 133/840 loss=0.0040 margin=55.276
[dpo] ep1 step 134/840 loss=0.0652 margin=26.971
[dpo] ep1 step 135/840 loss=0.0020 margin=62.143
[dpo] ep1 step 136/840 loss=0.2963 margin=10.647
[dpo] ep1 step 137/840 loss=0.0223 margin=37.912
[dpo] ep1 step 138/840 loss=0.0017 margin=63.911
[dpo] ep1 step 139/840 loss=0.0385 margin=32.385
[dpo] ep1 step 140/840 loss=0.0004 margin=77.591
[dpo] ep1 step 141/840 loss=0.0000 margin=114.228
[dpo] ep1 step 142/840 loss=0.0000 margin=132.730
[dpo] ep1 step 143/840 loss=0.0000 margin=115.039
[dpo] ep1 step 144/840 loss=0.0027 margin=59.261
[dpo] ep1 step 145/840 loss=0.0000 margin=134.873
[dpo] ep1 step 146/840 loss=0.0031 margin=57.757
[dpo] ep1 step 147/840 loss=0.0084 margin=47.790
[dpo] ep1 step 148/840 loss=0.0012 margin=67.197
[dpo] ep1 step 149/840 loss=0.0000 margin=107.536
[dpo] ep1 step 150/840 loss=0.0020 margin=62.163
[dpo] ep1 step 151/840 loss=0.2472 margin=12.713
[dpo] ep1 step 152/840 loss=0.0014 margin=65.416
[dpo] ep1 step 153/840 loss=0.0000 margin=116.326
[dpo] ep1 step 154/840 loss=0.0110 margin=45.061
[dpo] ep1 step 155/840 loss=0.0020 margin=62.167
[dpo] ep1 step 156/840 loss=0.0000 margin=123.357
[dpo] ep1 step 157/840 loss=0.0001 margin=88.068
[dpo] ep1 step 158/840 loss=0.0000 margin=126.984
[dpo] ep1 step 159/840 loss=0.0017 margin=63.904
[dpo] ep1 step 160/840 loss=0.0040 margin=55.225
[dpo] ep1 step 161/840 loss=0.0008 margin=71.295
[dpo] ep1 step 162/840 loss=0.0035 margin=56.416
[dpo] ep1 step 163/840 loss=0.0731 margin=25.787
[dpo] ep1 step 164/840 loss=0.0012 margin=67.016
[dpo] ep1 step 165/840 loss=0.0023 margin=60.682
[dpo] ep1 step 166/840 loss=0.0000 margin=102.637
[dpo] ep1 step 167/840 loss=0.0141 margin=42.520
[dpo] ep1 step 168/840 loss=0.0011 margin=67.781
[dpo] ep1 step 169/840 loss=0.0003 margin=79.879
[dpo] ep1 step 170/840 loss=0.0209 margin=38.575
[dpo] ep1 step 171/840 loss=0.0464 margin=30.479
[dpo] ep1 step 172/840 loss=0.0013 margin=66.354
[dpo] ep1 step 173/840 loss=0.0006 margin=74.705
[dpo] ep1 step 174/840 loss=0.0025 margin=60.085
[dpo] ep1 step 175/840 loss=0.1323 margin=19.562
[dpo] ep1 step 176/840 loss=0.0275 margin=35.797
[dpo] ep1 step 177/840 loss=0.0000 margin=110.800
[dpo] ep1 step 178/840 loss=0.0000 margin=128.672
[dpo] ep1 step 179/840 loss=0.0410 margin=31.737
[dpo] ep1 step 180/840 loss=0.0025 margin=59.742
[dpo] ep1 step 181/840 loss=0.0000 margin=106.874
[dpo] ep1 step 182/840 loss=0.0028 margin=58.786
[dpo] ep1 step 183/840 loss=0.0000 margin=102.248
[dpo] ep1 step 184/840 loss=0.1162 margin=20.941
[dpo] ep1 step 185/840 loss=0.0002 margin=84.172
[dpo] ep1 step 186/840 loss=0.0362 margin=32.992
[dpo] ep1 step 187/840 loss=0.0015 margin=64.705
[dpo] ep1 step 188/840 loss=0.2589 margin=12.193
[dpo] ep1 step 189/840 loss=0.0008 margin=71.310
[dpo] ep1 step 190/840 loss=0.0120 margin=44.187
[dpo] ep1 step 191/840 loss=0.0069 margin=49.777
[dpo] ep1 step 192/840 loss=0.0043 margin=54.385
[dpo] ep1 step 193/840 loss=0.0115 margin=44.554
[dpo] ep1 step 194/840 loss=0.0033 margin=56.975
[dpo] ep1 step 195/840 loss=0.0005 margin=75.401
[dpo] ep1 step 196/840 loss=0.0060 margin=51.125
[dpo] ep1 step 197/840 loss=0.0041 margin=54.880
[dpo] ep1 step 198/840 loss=0.1194 margin=20.653
[dpo] ep1 step 199/840 loss=0.0007 margin=72.492
[dpo] ep1 step 200/840 loss=0.0002 margin=84.468
[dpo] ep1 step 201/840 loss=0.0007 margin=72.999
[dpo] ep1 step 202/840 loss=0.0067 margin=50.017
[dpo] ep1 step 203/840 loss=0.0002 margin=85.430
[dpo] ep1 step 204/840 loss=0.0003 margin=82.656
[dpo] ep1 step 205/840 loss=0.0000 margin=100.705
[dpo] ep1 step 206/840 loss=0.0067 margin=50.017
[dpo] ep1 step 207/840 loss=0.0284 margin=35.485
[dpo] ep1 step 208/840 loss=0.0001 margin=95.095
[dpo] ep1 step 209/840 loss=0.0009 margin=69.640
[dpo] ep1 step 210/840 loss=0.0003 margin=82.339
[dpo] ep1 step 211/840 loss=0.0012 margin=67.559
[dpo] ep1 step 212/840 loss=0.0000 margin=136.600
[dpo] ep1 step 213/840 loss=0.0001 margin=94.271
[dpo] ep1 step 214/840 loss=0.0020 margin=62.265
[dpo] ep1 step 215/840 loss=0.0043 margin=54.394
[dpo] ep1 step 216/840 loss=0.0003 margin=79.964
[dpo] ep1 step 217/840 loss=0.0002 margin=86.732
[dpo] ep1 step 218/840 loss=0.0113 margin=44.759
[dpo] ep1 step 219/840 loss=0.0326 margin=34.081
[dpo] ep1 step 220/840 loss=0.0091 margin=46.911
[dpo] ep1 step 221/840 loss=0.0001 margin=89.673
[dpo] ep1 step 222/840 loss=0.0073 margin=49.197
[dpo] ep1 step 223/840 loss=0.0002 margin=87.566
[dpo] ep1 step 224/840 loss=0.0109 margin=45.094
[dpo] ep1 step 225/840 loss=0.0003 margin=80.103
[dpo] ep1 step 226/840 loss=0.0008 margin=71.908
[dpo] ep1 step 227/840 loss=0.0033 margin=57.231
[dpo] ep1 step 228/840 loss=0.0000 margin=105.154
[dpo] ep1 step 229/840 loss=0.0000 margin=102.941
[dpo] ep1 step 230/840 loss=0.0001 margin=95.118
[dpo] ep1 step 231/840 loss=0.0030 margin=58.207
[dpo] ep1 step 232/840 loss=0.0033 margin=57.257
[dpo] ep1 step 233/840 loss=0.0018 margin=63.272
[dpo] ep1 step 234/840 loss=0.0000 margin=127.911
[dpo] ep1 step 235/840 loss=0.0084 margin=47.806
[dpo] ep1 step 236/840 loss=0.0001 margin=94.134
[dpo] ep1 step 237/840 loss=0.0001 margin=91.984
[dpo] ep1 step 238/840 loss=0.0002 margin=86.822
[dpo] ep1 step 239/840 loss=0.0038 margin=55.783
[dpo] ep1 step 240/840 loss=0.0001 margin=98.264
[dpo] ep1 step 241/840 loss=0.0000 margin=111.278
[dpo] ep1 step 242/840 loss=0.0001 margin=97.776
[dpo] ep1 step 243/840 loss=0.0000 margin=107.188
[dpo] ep1 step 244/840 loss=0.0002 margin=86.053
[dpo] ep1 step 245/840 loss=0.0001 margin=99.010
[dpo] ep1 step 246/840 loss=0.0002 margin=86.580
[dpo] ep1 step 247/840 loss=0.0708 margin=26.123
[dpo] ep1 step 248/840 loss=0.0001 margin=89.937
[dpo] ep1 step 249/840 loss=0.0002 margin=83.903
[dpo] ep1 step 250/840 loss=0.0007 margin=73.172
[dpo] ep1 step 251/840 loss=0.0036 margin=56.315
[dpo] ep1 step 252/840 loss=0.0062 margin=50.769
[dpo] ep1 step 253/840 loss=0.0021 margin=61.701
[dpo] ep1 step 254/840 loss=0.0194 margin=39.333
[dpo] ep1 step 255/840 loss=0.0005 margin=75.634
[dpo] ep1 step 256/840 loss=0.0003 margin=81.657
[dpo] ep1 step 257/840 loss=0.0003 margin=81.858
[dpo] ep1 step 258/840 loss=0.0435 margin=31.125
[dpo] ep1 step 259/840 loss=0.0002 margin=87.670
[dpo] ep1 step 260/840 loss=0.0000 margin=132.970
[dpo] ep1 step 261/840 loss=0.0011 margin=67.969
[dpo] ep1 step 262/840 loss=0.0000 margin=137.043
[dpo] ep1 step 263/840 loss=0.0000 margin=148.830
[dpo] ep1 step 264/840 loss=0.0112 margin=44.877
[dpo] ep1 step 265/840 loss=0.0101 margin=45.898
[dpo] ep1 step 266/840 loss=0.0001 margin=89.613
[dpo] ep1 step 267/840 loss=0.0000 margin=152.885
[dpo] ep1 step 268/840 loss=0.0031 margin=57.765
[dpo] ep1 step 269/840 loss=0.0000 margin=128.805
[dpo] ep1 step 270/840 loss=0.0000 margin=129.408
[dpo] ep1 step 271/840 loss=0.0003 margin=81.907
[dpo] ep1 step 272/840 loss=0.0003 margin=80.436
[dpo] ep1 step 273/840 loss=0.0001 margin=94.640
[dpo] ep1 step 274/840 loss=0.0002 margin=87.826
[dpo] ep1 step 275/840 loss=0.0002 margin=86.533
[dpo] ep1 step 276/840 loss=0.0002 margin=84.039
[dpo] ep1 step 277/840 loss=0.0562 margin=28.500
[dpo] ep1 step 278/840 loss=0.0000 margin=147.469
[dpo] ep1 step 279/840 loss=0.0505 margin=29.610
[dpo] ep1 step 280/840 loss=0.0001 margin=98.327
[dpo] ep1 step 281/840 loss=0.0000 margin=99.939
[dpo] ep1 step 282/840 loss=0.0092 margin=46.815
[dpo] ep1 step 283/840 loss=0.0000 margin=138.831
[dpo] ep1 step 284/840 loss=0.0016 margin=64.111
[dpo] ep1 step 285/840 loss=0.0000 margin=110.052
[dpo] ep1 step 286/840 loss=0.0126 margin=43.674
[dpo] ep1 step 287/840 loss=0.0003 margin=79.639
[dpo] ep1 step 288/840 loss=0.0010 margin=68.934
[dpo] ep1 step 289/840 loss=0.0116 margin=44.551
[dpo] ep1 step 290/840 loss=0.0121 margin=44.063
[dpo] ep1 step 291/840 loss=0.0001 margin=98.691
[dpo] ep1 step 292/840 loss=0.0000 margin=112.526
[dpo] ep1 step 293/840 loss=0.0001 margin=93.400
[dpo] ep1 step 294/840 loss=0.0000 margin=99.213
[dpo] ep1 step 295/840 loss=0.0000 margin=131.687
[dpo] ep1 step 296/840 loss=0.0000 margin=149.760
[dpo] ep1 step 297/840 loss=0.0007 margin=72.181
[dpo] ep1 step 298/840 loss=0.0012 margin=66.841
[dpo] ep1 step 299/840 loss=0.0001 margin=92.917
[dpo] ep1 step 300/840 loss=0.0001 margin=92.067
[dpo] ep1 step 301/840 loss=0.0000 margin=134.243
[dpo] ep1 step 302/840 loss=0.0004 margin=79.246
[dpo] ep1 step 303/840 loss=0.0040 margin=55.116
